------------------------------------------------------------
TimeQuest Timing Analyzer Summary
------------------------------------------------------------

Type  : Slow 1100mV 85C Model Setup 'U0|vga|vga_clk|altera_pll_i|general[0].gpll~PLL_OUTPUT_COUNTER|divclk'
Slack : -7.509
TNS   : -377.751

Type  : Slow 1100mV 85C Model Setup 'Generate_Arbitrary_Divided_Clk32:Generate_LCD_scope_Clk|var_clk_div32:Div_Clk|tc_reg'
Slack : -7.057
TNS   : -246.471

Type  : Slow 1100mV 85C Model Setup 'CLOCK_50'
Slack : -4.340
TNS   : -94.094

Type  : Slow 1100mV 85C Model Setup 'U0|pll|altera_pll_i|general[0].gpll~PLL_OUTPUT_COUNTER|divclk'
Slack : 0.383
TNS   : 0.000

Type  : Slow 1100mV 85C Model Setup 'altera_reserved_tck'
Slack : 5.144
TNS   : 0.000

Type  : Slow 1100mV 85C Model Setup 'U0|pll|altera_pll_i|general[2].gpll~PLL_OUTPUT_COUNTER|divclk'
Slack : 18.802
TNS   : 0.000

Type  : Slow 1100mV 85C Model Setup 'hack_ltm_sincronization:hack_ltm_sincronization_inst|line_rdy'
Slack : 31.614
TNS   : 0.000

Type  : Slow 1100mV 85C Model Setup 'Clock_Divider:get1Hz|clock_out'
Slack : 33.177
TNS   : 0.000

Type  : Slow 1100mV 85C Model Hold 'U0|pll|altera_pll_i|general[0].gpll~PLL_OUTPUT_COUNTER|divclk'
Slack : 0.158
TNS   : 0.000

Type  : Slow 1100mV 85C Model Hold 'CLOCK_50'
Slack : 0.235
TNS   : 0.000

Type  : Slow 1100mV 85C Model Hold 'hack_ltm_sincronization:hack_ltm_sincronization_inst|line_rdy'
Slack : 0.270
TNS   : 0.000

Type  : Slow 1100mV 85C Model Hold 'U0|vga|vga_clk|altera_pll_i|general[0].gpll~PLL_OUTPUT_COUNTER|divclk'
Slack : 0.275
TNS   : 0.000

Type  : Slow 1100mV 85C Model Hold 'U0|pll|altera_pll_i|general[2].gpll~PLL_OUTPUT_COUNTER|divclk'
Slack : 0.326
TNS   : 0.000

Type  : Slow 1100mV 85C Model Hold 'altera_reserved_tck'
Slack : 0.360
TNS   : 0.000

Type  : Slow 1100mV 85C Model Hold 'Generate_Arbitrary_Divided_Clk32:Generate_LCD_scope_Clk|var_clk_div32:Div_Clk|tc_reg'
Slack : 0.722
TNS   : 0.000

Type  : Slow 1100mV 85C Model Hold 'Clock_Divider:get1Hz|clock_out'
Slack : 0.743
TNS   : 0.000

Type  : Slow 1100mV 85C Model Recovery 'U0|vga|vga_clk|altera_pll_i|general[0].gpll~PLL_OUTPUT_COUNTER|divclk'
Slack : -6.801
TNS   : -20.142

Type  : Slow 1100mV 85C Model Recovery 'U0|pll|altera_pll_i|general[0].gpll~PLL_OUTPUT_COUNTER|divclk'
Slack : 2.696
TNS   : 0.000

Type  : Slow 1100mV 85C Model Recovery 'CLOCK_50'
Slack : 11.466
TNS   : 0.000

Type  : Slow 1100mV 85C Model Recovery 'U0|pll|altera_pll_i|general[2].gpll~PLL_OUTPUT_COUNTER|divclk'
Slack : 17.781
TNS   : 0.000

Type  : Slow 1100mV 85C Model Recovery 'altera_reserved_tck'
Slack : 17.976
TNS   : 0.000

Type  : Slow 1100mV 85C Model Removal 'U0|pll|altera_pll_i|general[0].gpll~PLL_OUTPUT_COUNTER|divclk'
Slack : 0.416
TNS   : 0.000

Type  : Slow 1100mV 85C Model Removal 'U0|vga|vga_clk|altera_pll_i|general[0].gpll~PLL_OUTPUT_COUNTER|divclk'
Slack : 0.519
TNS   : 0.000

Type  : Slow 1100mV 85C Model Removal 'CLOCK_50'
Slack : 0.682
TNS   : 0.000

Type  : Slow 1100mV 85C Model Removal 'altera_reserved_tck'
Slack : 0.892
TNS   : 0.000

Type  : Slow 1100mV 85C Model Removal 'U0|pll|altera_pll_i|general[2].gpll~PLL_OUTPUT_COUNTER|divclk'
Slack : 0.904
TNS   : 0.000

Type  : Slow 1100mV 85C Model Minimum Pulse Width 'U0|pll|altera_pll_i|general[0].gpll~FRACTIONAL_PLL|vcoph[0]'
Slack : 0.500
TNS   : 0.000

Type  : Slow 1100mV 85C Model Minimum Pulse Width 'U0|vga|vga_clk|altera_pll_i|general[0].gpll~FRACTIONAL_PLL|vcoph[0]'
Slack : 1.562
TNS   : 0.000

Type  : Slow 1100mV 85C Model Minimum Pulse Width 'U0|pll|altera_pll_i|general[0].gpll~PLL_OUTPUT_COUNTER|divclk'
Slack : 2.281
TNS   : 0.000

Type  : Slow 1100mV 85C Model Minimum Pulse Width 'CLOCK_50'
Slack : 8.876
TNS   : 0.000

Type  : Slow 1100mV 85C Model Minimum Pulse Width 'U0|vga|vga_clk|altera_pll_i|general[0].gpll~PLL_OUTPUT_COUNTER|divclk'
Slack : 11.277
TNS   : 0.000

Type  : Slow 1100mV 85C Model Minimum Pulse Width 'Generate_Arbitrary_Divided_Clk32:Generate_LCD_scope_Clk|var_clk_div32:Div_Clk|tc_reg'
Slack : 18.392
TNS   : 0.000

Type  : Slow 1100mV 85C Model Minimum Pulse Width 'altera_reserved_tck'
Slack : 18.766
TNS   : 0.000

Type  : Slow 1100mV 85C Model Minimum Pulse Width 'hack_ltm_sincronization:hack_ltm_sincronization_inst|line_rdy'
Slack : 18.893
TNS   : 0.000

Type  : Slow 1100mV 85C Model Minimum Pulse Width 'Clock_Divider:get1Hz|clock_out'
Slack : 18.903
TNS   : 0.000

Type  : Slow 1100mV 85C Model Minimum Pulse Width 'U0|pll|altera_pll_i|general[2].gpll~PLL_OUTPUT_COUNTER|divclk'
Slack : 19.158
TNS   : 0.000

Type  : Slow 1100mV 0C Model Setup 'Generate_Arbitrary_Divided_Clk32:Generate_LCD_scope_Clk|var_clk_div32:Div_Clk|tc_reg'
Slack : -7.114
TNS   : -251.927

Type  : Slow 1100mV 0C Model Setup 'U0|vga|vga_clk|altera_pll_i|general[0].gpll~PLL_OUTPUT_COUNTER|divclk'
Slack : -6.991
TNS   : -345.311

Type  : Slow 1100mV 0C Model Setup 'CLOCK_50'
Slack : -3.929
TNS   : -81.619

Type  : Slow 1100mV 0C Model Setup 'U0|pll|altera_pll_i|general[0].gpll~PLL_OUTPUT_COUNTER|divclk'
Slack : 0.536
TNS   : 0.000

Type  : Slow 1100mV 0C Model Setup 'altera_reserved_tck'
Slack : 5.625
TNS   : 0.000

Type  : Slow 1100mV 0C Model Setup 'U0|pll|altera_pll_i|general[2].gpll~PLL_OUTPUT_COUNTER|divclk'
Slack : 18.812
TNS   : 0.000

Type  : Slow 1100mV 0C Model Setup 'hack_ltm_sincronization:hack_ltm_sincronization_inst|line_rdy'
Slack : 31.849
TNS   : 0.000

Type  : Slow 1100mV 0C Model Setup 'Clock_Divider:get1Hz|clock_out'
Slack : 33.387
TNS   : 0.000

Type  : Slow 1100mV 0C Model Hold 'U0|vga|vga_clk|altera_pll_i|general[0].gpll~PLL_OUTPUT_COUNTER|divclk'
Slack : -0.117
TNS   : -0.325

Type  : Slow 1100mV 0C Model Hold 'U0|pll|altera_pll_i|general[0].gpll~PLL_OUTPUT_COUNTER|divclk'
Slack : 0.119
TNS   : 0.000

Type  : Slow 1100mV 0C Model Hold 'CLOCK_50'
Slack : 0.220
TNS   : 0.000

Type  : Slow 1100mV 0C Model Hold 'U0|pll|altera_pll_i|general[2].gpll~PLL_OUTPUT_COUNTER|divclk'
Slack : 0.277
TNS   : 0.000

Type  : Slow 1100mV 0C Model Hold 'hack_ltm_sincronization:hack_ltm_sincronization_inst|line_rdy'
Slack : 0.332
TNS   : 0.000

Type  : Slow 1100mV 0C Model Hold 'altera_reserved_tck'
Slack : 0.374
TNS   : 0.000

Type  : Slow 1100mV 0C Model Hold 'Generate_Arbitrary_Divided_Clk32:Generate_LCD_scope_Clk|var_clk_div32:Div_Clk|tc_reg'
Slack : 0.712
TNS   : 0.000

Type  : Slow 1100mV 0C Model Hold 'Clock_Divider:get1Hz|clock_out'
Slack : 0.748
TNS   : 0.000

Type  : Slow 1100mV 0C Model Recovery 'U0|vga|vga_clk|altera_pll_i|general[0].gpll~PLL_OUTPUT_COUNTER|divclk'
Slack : -6.185
TNS   : -18.306

Type  : Slow 1100mV 0C Model Recovery 'U0|pll|altera_pll_i|general[0].gpll~PLL_OUTPUT_COUNTER|divclk'
Slack : 2.888
TNS   : 0.000

Type  : Slow 1100mV 0C Model Recovery 'CLOCK_50'
Slack : 11.845
TNS   : 0.000

Type  : Slow 1100mV 0C Model Recovery 'U0|pll|altera_pll_i|general[2].gpll~PLL_OUTPUT_COUNTER|divclk'
Slack : 17.893
TNS   : 0.000

Type  : Slow 1100mV 0C Model Recovery 'altera_reserved_tck'
Slack : 18.030
TNS   : 0.000

Type  : Slow 1100mV 0C Model Removal 'U0|vga|vga_clk|altera_pll_i|general[0].gpll~PLL_OUTPUT_COUNTER|divclk'
Slack : 0.286
TNS   : 0.000

Type  : Slow 1100mV 0C Model Removal 'U0|pll|altera_pll_i|general[0].gpll~PLL_OUTPUT_COUNTER|divclk'
Slack : 0.349
TNS   : 0.000

Type  : Slow 1100mV 0C Model Removal 'CLOCK_50'
Slack : 0.615
TNS   : 0.000

Type  : Slow 1100mV 0C Model Removal 'altera_reserved_tck'
Slack : 0.844
TNS   : 0.000

Type  : Slow 1100mV 0C Model Removal 'U0|pll|altera_pll_i|general[2].gpll~PLL_OUTPUT_COUNTER|divclk'
Slack : 0.858
TNS   : 0.000

Type  : Slow 1100mV 0C Model Minimum Pulse Width 'U0|pll|altera_pll_i|general[0].gpll~FRACTIONAL_PLL|vcoph[0]'
Slack : 0.500
TNS   : 0.000

Type  : Slow 1100mV 0C Model Minimum Pulse Width 'U0|vga|vga_clk|altera_pll_i|general[0].gpll~FRACTIONAL_PLL|vcoph[0]'
Slack : 1.562
TNS   : 0.000

Type  : Slow 1100mV 0C Model Minimum Pulse Width 'U0|pll|altera_pll_i|general[0].gpll~PLL_OUTPUT_COUNTER|divclk'
Slack : 2.260
TNS   : 0.000

Type  : Slow 1100mV 0C Model Minimum Pulse Width 'CLOCK_50'
Slack : 8.910
TNS   : 0.000

Type  : Slow 1100mV 0C Model Minimum Pulse Width 'U0|vga|vga_clk|altera_pll_i|general[0].gpll~PLL_OUTPUT_COUNTER|divclk'
Slack : 11.261
TNS   : 0.000

Type  : Slow 1100mV 0C Model Minimum Pulse Width 'Generate_Arbitrary_Divided_Clk32:Generate_LCD_scope_Clk|var_clk_div32:Div_Clk|tc_reg'
Slack : 18.385
TNS   : 0.000

Type  : Slow 1100mV 0C Model Minimum Pulse Width 'altera_reserved_tck'
Slack : 18.730
TNS   : 0.000

Type  : Slow 1100mV 0C Model Minimum Pulse Width 'hack_ltm_sincronization:hack_ltm_sincronization_inst|line_rdy'
Slack : 18.815
TNS   : 0.000

Type  : Slow 1100mV 0C Model Minimum Pulse Width 'Clock_Divider:get1Hz|clock_out'
Slack : 18.887
TNS   : 0.000

Type  : Slow 1100mV 0C Model Minimum Pulse Width 'U0|pll|altera_pll_i|general[2].gpll~PLL_OUTPUT_COUNTER|divclk'
Slack : 19.175
TNS   : 0.000

Type  : Fast 1100mV 85C Model Setup 'U0|vga|vga_clk|altera_pll_i|general[0].gpll~PLL_OUTPUT_COUNTER|divclk'
Slack : -5.718
TNS   : -279.919

Type  : Fast 1100mV 85C Model Setup 'Generate_Arbitrary_Divided_Clk32:Generate_LCD_scope_Clk|var_clk_div32:Div_Clk|tc_reg'
Slack : -3.492
TNS   : -118.553

Type  : Fast 1100mV 85C Model Setup 'CLOCK_50'
Slack : -2.971
TNS   : -69.994

Type  : Fast 1100mV 85C Model Setup 'U0|pll|altera_pll_i|general[0].gpll~PLL_OUTPUT_COUNTER|divclk'
Slack : 2.957
TNS   : 0.000

Type  : Fast 1100mV 85C Model Setup 'altera_reserved_tck'
Slack : 8.776
TNS   : 0.000

Type  : Fast 1100mV 85C Model Setup 'U0|pll|altera_pll_i|general[2].gpll~PLL_OUTPUT_COUNTER|divclk'
Slack : 19.332
TNS   : 0.000

Type  : Fast 1100mV 85C Model Setup 'hack_ltm_sincronization:hack_ltm_sincronization_inst|line_rdy'
Slack : 34.150
TNS   : 0.000

Type  : Fast 1100mV 85C Model Setup 'Clock_Divider:get1Hz|clock_out'
Slack : 34.880
TNS   : 0.000

Type  : Fast 1100mV 85C Model Hold 'U0|pll|altera_pll_i|general[0].gpll~PLL_OUTPUT_COUNTER|divclk'
Slack : 0.107
TNS   : 0.000

Type  : Fast 1100mV 85C Model Hold 'hack_ltm_sincronization:hack_ltm_sincronization_inst|line_rdy'
Slack : 0.119
TNS   : 0.000

Type  : Fast 1100mV 85C Model Hold 'CLOCK_50'
Slack : 0.137
TNS   : 0.000

Type  : Fast 1100mV 85C Model Hold 'U0|vga|vga_clk|altera_pll_i|general[0].gpll~PLL_OUTPUT_COUNTER|divclk'
Slack : 0.172
TNS   : 0.000

Type  : Fast 1100mV 85C Model Hold 'altera_reserved_tck'
Slack : 0.177
TNS   : 0.000

Type  : Fast 1100mV 85C Model Hold 'U0|pll|altera_pll_i|general[2].gpll~PLL_OUTPUT_COUNTER|divclk'
Slack : 0.181
TNS   : 0.000

Type  : Fast 1100mV 85C Model Hold 'Clock_Divider:get1Hz|clock_out'
Slack : 0.326
TNS   : 0.000

Type  : Fast 1100mV 85C Model Hold 'Generate_Arbitrary_Divided_Clk32:Generate_LCD_scope_Clk|var_clk_div32:Div_Clk|tc_reg'
Slack : 0.367
TNS   : 0.000

Type  : Fast 1100mV 85C Model Recovery 'U0|vga|vga_clk|altera_pll_i|general[0].gpll~PLL_OUTPUT_COUNTER|divclk'
Slack : -4.666
TNS   : -13.853

Type  : Fast 1100mV 85C Model Recovery 'U0|pll|altera_pll_i|general[0].gpll~PLL_OUTPUT_COUNTER|divclk'
Slack : 4.347
TNS   : 0.000

Type  : Fast 1100mV 85C Model Recovery 'CLOCK_50'
Slack : 13.999
TNS   : 0.000

Type  : Fast 1100mV 85C Model Recovery 'U0|pll|altera_pll_i|general[2].gpll~PLL_OUTPUT_COUNTER|divclk'
Slack : 18.598
TNS   : 0.000

Type  : Fast 1100mV 85C Model Recovery 'altera_reserved_tck'
Slack : 19.204
TNS   : 0.000

Type  : Fast 1100mV 85C Model Removal 'U0|pll|altera_pll_i|general[0].gpll~PLL_OUTPUT_COUNTER|divclk'
Slack : 0.297
TNS   : 0.000

Type  : Fast 1100mV 85C Model Removal 'U0|vga|vga_clk|altera_pll_i|general[0].gpll~PLL_OUTPUT_COUNTER|divclk'
Slack : 0.301
TNS   : 0.000

Type  : Fast 1100mV 85C Model Removal 'CLOCK_50'
Slack : 0.378
TNS   : 0.000

Type  : Fast 1100mV 85C Model Removal 'altera_reserved_tck'
Slack : 0.485
TNS   : 0.000

Type  : Fast 1100mV 85C Model Removal 'U0|pll|altera_pll_i|general[2].gpll~PLL_OUTPUT_COUNTER|divclk'
Slack : 0.502
TNS   : 0.000

Type  : Fast 1100mV 85C Model Minimum Pulse Width 'U0|pll|altera_pll_i|general[0].gpll~FRACTIONAL_PLL|vcoph[0]'
Slack : 0.500
TNS   : 0.000

Type  : Fast 1100mV 85C Model Minimum Pulse Width 'U0|vga|vga_clk|altera_pll_i|general[0].gpll~FRACTIONAL_PLL|vcoph[0]'
Slack : 1.562
TNS   : 0.000

Type  : Fast 1100mV 85C Model Minimum Pulse Width 'U0|pll|altera_pll_i|general[0].gpll~PLL_OUTPUT_COUNTER|divclk'
Slack : 2.391
TNS   : 0.000

Type  : Fast 1100mV 85C Model Minimum Pulse Width 'CLOCK_50'
Slack : 8.477
TNS   : 0.000

Type  : Fast 1100mV 85C Model Minimum Pulse Width 'U0|vga|vga_clk|altera_pll_i|general[0].gpll~PLL_OUTPUT_COUNTER|divclk'
Slack : 11.390
TNS   : 0.000

Type  : Fast 1100mV 85C Model Minimum Pulse Width 'altera_reserved_tck'
Slack : 18.309
TNS   : 0.000

Type  : Fast 1100mV 85C Model Minimum Pulse Width 'Generate_Arbitrary_Divided_Clk32:Generate_LCD_scope_Clk|var_clk_div32:Div_Clk|tc_reg'
Slack : 18.336
TNS   : 0.000

Type  : Fast 1100mV 85C Model Minimum Pulse Width 'hack_ltm_sincronization:hack_ltm_sincronization_inst|line_rdy'
Slack : 19.116
TNS   : 0.000

Type  : Fast 1100mV 85C Model Minimum Pulse Width 'Clock_Divider:get1Hz|clock_out'
Slack : 19.143
TNS   : 0.000

Type  : Fast 1100mV 85C Model Minimum Pulse Width 'U0|pll|altera_pll_i|general[2].gpll~PLL_OUTPUT_COUNTER|divclk'
Slack : 19.528
TNS   : 0.000

Type  : Fast 1100mV 0C Model Setup 'U0|vga|vga_clk|altera_pll_i|general[0].gpll~PLL_OUTPUT_COUNTER|divclk'
Slack : -4.677
TNS   : -223.585

Type  : Fast 1100mV 0C Model Setup 'Generate_Arbitrary_Divided_Clk32:Generate_LCD_scope_Clk|var_clk_div32:Div_Clk|tc_reg'
Slack : -3.395
TNS   : -115.530

Type  : Fast 1100mV 0C Model Setup 'CLOCK_50'
Slack : -2.296
TNS   : -52.614

Type  : Fast 1100mV 0C Model Setup 'U0|pll|altera_pll_i|general[0].gpll~PLL_OUTPUT_COUNTER|divclk'
Slack : 3.402
TNS   : 0.000

Type  : Fast 1100mV 0C Model Setup 'altera_reserved_tck'
Slack : 9.784
TNS   : 0.000

Type  : Fast 1100mV 0C Model Setup 'U0|pll|altera_pll_i|general[2].gpll~PLL_OUTPUT_COUNTER|divclk'
Slack : 19.363
TNS   : 0.000

Type  : Fast 1100mV 0C Model Setup 'hack_ltm_sincronization:hack_ltm_sincronization_inst|line_rdy'
Slack : 34.666
TNS   : 0.000

Type  : Fast 1100mV 0C Model Setup 'Clock_Divider:get1Hz|clock_out'
Slack : 35.325
TNS   : 0.000

Type  : Fast 1100mV 0C Model Hold 'U0|vga|vga_clk|altera_pll_i|general[0].gpll~PLL_OUTPUT_COUNTER|divclk'
Slack : -0.050
TNS   : -0.137

Type  : Fast 1100mV 0C Model Hold 'U0|pll|altera_pll_i|general[0].gpll~PLL_OUTPUT_COUNTER|divclk'
Slack : 0.072
TNS   : 0.000

Type  : Fast 1100mV 0C Model Hold 'hack_ltm_sincronization:hack_ltm_sincronization_inst|line_rdy'
Slack : 0.119
TNS   : 0.000

Type  : Fast 1100mV 0C Model Hold 'CLOCK_50'
Slack : 0.125
TNS   : 0.000

Type  : Fast 1100mV 0C Model Hold 'altera_reserved_tck'
Slack : 0.168
TNS   : 0.000

Type  : Fast 1100mV 0C Model Hold 'U0|pll|altera_pll_i|general[2].gpll~PLL_OUTPUT_COUNTER|divclk'
Slack : 0.172
TNS   : 0.000

Type  : Fast 1100mV 0C Model Hold 'Clock_Divider:get1Hz|clock_out'
Slack : 0.299
TNS   : 0.000

Type  : Fast 1100mV 0C Model Hold 'Generate_Arbitrary_Divided_Clk32:Generate_LCD_scope_Clk|var_clk_div32:Div_Clk|tc_reg'
Slack : 0.333
TNS   : 0.000

Type  : Fast 1100mV 0C Model Recovery 'U0|vga|vga_clk|altera_pll_i|general[0].gpll~PLL_OUTPUT_COUNTER|divclk'
Slack : -3.700
TNS   : -10.987

Type  : Fast 1100mV 0C Model Recovery 'U0|pll|altera_pll_i|general[0].gpll~PLL_OUTPUT_COUNTER|divclk'
Slack : 4.576
TNS   : 0.000

Type  : Fast 1100mV 0C Model Recovery 'CLOCK_50'
Slack : 14.746
TNS   : 0.000

Type  : Fast 1100mV 0C Model Recovery 'U0|pll|altera_pll_i|general[2].gpll~PLL_OUTPUT_COUNTER|divclk'
Slack : 18.767
TNS   : 0.000

Type  : Fast 1100mV 0C Model Recovery 'altera_reserved_tck'
Slack : 19.426
TNS   : 0.000

Type  : Fast 1100mV 0C Model Removal 'U0|vga|vga_clk|altera_pll_i|general[0].gpll~PLL_OUTPUT_COUNTER|divclk'
Slack : 0.241
TNS   : 0.000

Type  : Fast 1100mV 0C Model Removal 'U0|pll|altera_pll_i|general[0].gpll~PLL_OUTPUT_COUNTER|divclk'
Slack : 0.254
TNS   : 0.000

Type  : Fast 1100mV 0C Model Removal 'CLOCK_50'
Slack : 0.321
TNS   : 0.000

Type  : Fast 1100mV 0C Model Removal 'altera_reserved_tck'
Slack : 0.440
TNS   : 0.000

Type  : Fast 1100mV 0C Model Removal 'U0|pll|altera_pll_i|general[2].gpll~PLL_OUTPUT_COUNTER|divclk'
Slack : 0.460
TNS   : 0.000

Type  : Fast 1100mV 0C Model Minimum Pulse Width 'U0|pll|altera_pll_i|general[0].gpll~FRACTIONAL_PLL|vcoph[0]'
Slack : 0.500
TNS   : 0.000

Type  : Fast 1100mV 0C Model Minimum Pulse Width 'U0|vga|vga_clk|altera_pll_i|general[0].gpll~FRACTIONAL_PLL|vcoph[0]'
Slack : 1.562
TNS   : 0.000

Type  : Fast 1100mV 0C Model Minimum Pulse Width 'U0|pll|altera_pll_i|general[0].gpll~PLL_OUTPUT_COUNTER|divclk'
Slack : 2.392
TNS   : 0.000

Type  : Fast 1100mV 0C Model Minimum Pulse Width 'CLOCK_50'
Slack : 8.433
TNS   : 0.000

Type  : Fast 1100mV 0C Model Minimum Pulse Width 'U0|vga|vga_clk|altera_pll_i|general[0].gpll~PLL_OUTPUT_COUNTER|divclk'
Slack : 11.388
TNS   : 0.000

Type  : Fast 1100mV 0C Model Minimum Pulse Width 'altera_reserved_tck'
Slack : 18.248
TNS   : 0.000

Type  : Fast 1100mV 0C Model Minimum Pulse Width 'Generate_Arbitrary_Divided_Clk32:Generate_LCD_scope_Clk|var_clk_div32:Div_Clk|tc_reg'
Slack : 18.370
TNS   : 0.000

Type  : Fast 1100mV 0C Model Minimum Pulse Width 'hack_ltm_sincronization:hack_ltm_sincronization_inst|line_rdy'
Slack : 19.139
TNS   : 0.000

Type  : Fast 1100mV 0C Model Minimum Pulse Width 'Clock_Divider:get1Hz|clock_out'
Slack : 19.142
TNS   : 0.000

Type  : Fast 1100mV 0C Model Minimum Pulse Width 'U0|pll|altera_pll_i|general[2].gpll~PLL_OUTPUT_COUNTER|divclk'
Slack : 19.531
TNS   : 0.000

------------------------------------------------------------
