------------------------------------------------------------
TimeQuest Timing Analyzer Summary
------------------------------------------------------------

Type  : Slow 1100mV 85C Model Setup 'U0|vga|vga_clk|altera_pll_i|general[0].gpll~PLL_OUTPUT_COUNTER|divclk'
Slack : -7.458
TNS   : -375.969

Type  : Slow 1100mV 85C Model Setup 'Generate_Arbitrary_Divided_Clk32:Generate_LCD_scope_Clk|var_clk_div32:Div_Clk|tc_reg'
Slack : -6.809
TNS   : -221.019

Type  : Slow 1100mV 85C Model Setup 'CLOCK_50'
Slack : -3.790
TNS   : -32.887

Type  : Slow 1100mV 85C Model Setup 'U0|pll|altera_pll_i|general[0].gpll~PLL_OUTPUT_COUNTER|divclk'
Slack : 0.066
TNS   : 0.000

Type  : Slow 1100mV 85C Model Setup 'altera_reserved_tck'
Slack : 10.300
TNS   : 0.000

Type  : Slow 1100mV 85C Model Setup 'U0|pll|altera_pll_i|general[2].gpll~PLL_OUTPUT_COUNTER|divclk'
Slack : 18.990
TNS   : 0.000

Type  : Slow 1100mV 85C Model Setup 'hack_ltm_sincronization:hack_ltm_sincronization_inst|line_rdy'
Slack : 32.381
TNS   : 0.000

Type  : Slow 1100mV 85C Model Setup 'Clock_Divider:get1Hz|clock_out'
Slack : 36.509
TNS   : 0.000

Type  : Slow 1100mV 85C Model Hold 'altera_reserved_tck'
Slack : 0.117
TNS   : 0.000

Type  : Slow 1100mV 85C Model Hold 'U0|pll|altera_pll_i|general[0].gpll~PLL_OUTPUT_COUNTER|divclk'
Slack : 0.141
TNS   : 0.000

Type  : Slow 1100mV 85C Model Hold 'U0|vga|vga_clk|altera_pll_i|general[0].gpll~PLL_OUTPUT_COUNTER|divclk'
Slack : 0.219
TNS   : 0.000

Type  : Slow 1100mV 85C Model Hold 'CLOCK_50'
Slack : 0.231
TNS   : 0.000

Type  : Slow 1100mV 85C Model Hold 'hack_ltm_sincronization:hack_ltm_sincronization_inst|line_rdy'
Slack : 0.290
TNS   : 0.000

Type  : Slow 1100mV 85C Model Hold 'U0|pll|altera_pll_i|general[2].gpll~PLL_OUTPUT_COUNTER|divclk'
Slack : 0.314
TNS   : 0.000

Type  : Slow 1100mV 85C Model Hold 'Clock_Divider:get1Hz|clock_out'
Slack : 0.860
TNS   : 0.000

Type  : Slow 1100mV 85C Model Hold 'Generate_Arbitrary_Divided_Clk32:Generate_LCD_scope_Clk|var_clk_div32:Div_Clk|tc_reg'
Slack : 0.876
TNS   : 0.000

Type  : Slow 1100mV 85C Model Recovery 'U0|vga|vga_clk|altera_pll_i|general[0].gpll~PLL_OUTPUT_COUNTER|divclk'
Slack : -6.976
TNS   : -20.722

Type  : Slow 1100mV 85C Model Recovery 'U0|pll|altera_pll_i|general[0].gpll~PLL_OUTPUT_COUNTER|divclk'
Slack : -3.842
TNS   : -53.369

Type  : Slow 1100mV 85C Model Recovery 'CLOCK_50'
Slack : 12.694
TNS   : 0.000

Type  : Slow 1100mV 85C Model Recovery 'U0|pll|altera_pll_i|general[2].gpll~PLL_OUTPUT_COUNTER|divclk'
Slack : 18.193
TNS   : 0.000

Type  : Slow 1100mV 85C Model Recovery 'altera_reserved_tck'
Slack : 18.489
TNS   : 0.000

Type  : Slow 1100mV 85C Model Removal 'U0|vga|vga_clk|altera_pll_i|general[0].gpll~PLL_OUTPUT_COUNTER|divclk'
Slack : 0.481
TNS   : 0.000

Type  : Slow 1100mV 85C Model Removal 'U0|pll|altera_pll_i|general[0].gpll~PLL_OUTPUT_COUNTER|divclk'
Slack : 0.556
TNS   : 0.000

Type  : Slow 1100mV 85C Model Removal 'CLOCK_50'
Slack : 0.706
TNS   : 0.000

Type  : Slow 1100mV 85C Model Removal 'altera_reserved_tck'
Slack : 0.900
TNS   : 0.000

Type  : Slow 1100mV 85C Model Removal 'U0|pll|altera_pll_i|general[2].gpll~PLL_OUTPUT_COUNTER|divclk'
Slack : 0.955
TNS   : 0.000

Type  : Slow 1100mV 85C Model Minimum Pulse Width 'U0|pll|altera_pll_i|general[0].gpll~FRACTIONAL_PLL|vcoph[0]'
Slack : 0.500
TNS   : 0.000

Type  : Slow 1100mV 85C Model Minimum Pulse Width 'U0|vga|vga_clk|altera_pll_i|general[0].gpll~FRACTIONAL_PLL|vcoph[0]'
Slack : 1.562
TNS   : 0.000

Type  : Slow 1100mV 85C Model Minimum Pulse Width 'U0|pll|altera_pll_i|general[0].gpll~PLL_OUTPUT_COUNTER|divclk'
Slack : 2.274
TNS   : 0.000

Type  : Slow 1100mV 85C Model Minimum Pulse Width 'CLOCK_50'
Slack : 8.877
TNS   : 0.000

Type  : Slow 1100mV 85C Model Minimum Pulse Width 'U0|vga|vga_clk|altera_pll_i|general[0].gpll~PLL_OUTPUT_COUNTER|divclk'
Slack : 11.283
TNS   : 0.000

Type  : Slow 1100mV 85C Model Minimum Pulse Width 'Generate_Arbitrary_Divided_Clk32:Generate_LCD_scope_Clk|var_clk_div32:Div_Clk|tc_reg'
Slack : 18.273
TNS   : 0.000

Type  : Slow 1100mV 85C Model Minimum Pulse Width 'hack_ltm_sincronization:hack_ltm_sincronization_inst|line_rdy'
Slack : 18.732
TNS   : 0.000

Type  : Slow 1100mV 85C Model Minimum Pulse Width 'altera_reserved_tck'
Slack : 18.863
TNS   : 0.000

Type  : Slow 1100mV 85C Model Minimum Pulse Width 'Clock_Divider:get1Hz|clock_out'
Slack : 18.916
TNS   : 0.000

Type  : Slow 1100mV 85C Model Minimum Pulse Width 'U0|pll|altera_pll_i|general[2].gpll~PLL_OUTPUT_COUNTER|divclk'
Slack : 19.151
TNS   : 0.000

Type  : Slow 1100mV 0C Model Setup 'U0|vga|vga_clk|altera_pll_i|general[0].gpll~PLL_OUTPUT_COUNTER|divclk'
Slack : -6.867
TNS   : -344.205

Type  : Slow 1100mV 0C Model Setup 'Generate_Arbitrary_Divided_Clk32:Generate_LCD_scope_Clk|var_clk_div32:Div_Clk|tc_reg'
Slack : -6.859
TNS   : -225.626

Type  : Slow 1100mV 0C Model Setup 'CLOCK_50'
Slack : -3.430
TNS   : -28.756

Type  : Slow 1100mV 0C Model Setup 'U0|pll|altera_pll_i|general[0].gpll~PLL_OUTPUT_COUNTER|divclk'
Slack : 0.333
TNS   : 0.000

Type  : Slow 1100mV 0C Model Setup 'altera_reserved_tck'
Slack : 10.440
TNS   : 0.000

Type  : Slow 1100mV 0C Model Setup 'U0|pll|altera_pll_i|general[2].gpll~PLL_OUTPUT_COUNTER|divclk'
Slack : 19.008
TNS   : 0.000

Type  : Slow 1100mV 0C Model Setup 'hack_ltm_sincronization:hack_ltm_sincronization_inst|line_rdy'
Slack : 32.599
TNS   : 0.000

Type  : Slow 1100mV 0C Model Setup 'Clock_Divider:get1Hz|clock_out'
Slack : 36.576
TNS   : 0.000

Type  : Slow 1100mV 0C Model Hold 'U0|vga|vga_clk|altera_pll_i|general[0].gpll~PLL_OUTPUT_COUNTER|divclk'
Slack : -0.024
TNS   : -0.024

Type  : Slow 1100mV 0C Model Hold 'U0|pll|altera_pll_i|general[0].gpll~PLL_OUTPUT_COUNTER|divclk'
Slack : 0.063
TNS   : 0.000

Type  : Slow 1100mV 0C Model Hold 'altera_reserved_tck'
Slack : 0.105
TNS   : 0.000

Type  : Slow 1100mV 0C Model Hold 'CLOCK_50'
Slack : 0.156
TNS   : 0.000

Type  : Slow 1100mV 0C Model Hold 'U0|pll|altera_pll_i|general[2].gpll~PLL_OUTPUT_COUNTER|divclk'
Slack : 0.297
TNS   : 0.000

Type  : Slow 1100mV 0C Model Hold 'hack_ltm_sincronization:hack_ltm_sincronization_inst|line_rdy'
Slack : 0.347
TNS   : 0.000

Type  : Slow 1100mV 0C Model Hold 'Generate_Arbitrary_Divided_Clk32:Generate_LCD_scope_Clk|var_clk_div32:Div_Clk|tc_reg'
Slack : 0.833
TNS   : 0.000

Type  : Slow 1100mV 0C Model Hold 'Clock_Divider:get1Hz|clock_out'
Slack : 0.861
TNS   : 0.000

Type  : Slow 1100mV 0C Model Recovery 'U0|vga|vga_clk|altera_pll_i|general[0].gpll~PLL_OUTPUT_COUNTER|divclk'
Slack : -6.383
TNS   : -18.953

Type  : Slow 1100mV 0C Model Recovery 'U0|pll|altera_pll_i|general[0].gpll~PLL_OUTPUT_COUNTER|divclk'
Slack : -3.332
TNS   : -46.278

Type  : Slow 1100mV 0C Model Recovery 'CLOCK_50'
Slack : 12.978
TNS   : 0.000

Type  : Slow 1100mV 0C Model Recovery 'U0|pll|altera_pll_i|general[2].gpll~PLL_OUTPUT_COUNTER|divclk'
Slack : 18.327
TNS   : 0.000

Type  : Slow 1100mV 0C Model Recovery 'altera_reserved_tck'
Slack : 18.564
TNS   : 0.000

Type  : Slow 1100mV 0C Model Removal 'U0|vga|vga_clk|altera_pll_i|general[0].gpll~PLL_OUTPUT_COUNTER|divclk'
Slack : 0.172
TNS   : 0.000

Type  : Slow 1100mV 0C Model Removal 'U0|pll|altera_pll_i|general[0].gpll~PLL_OUTPUT_COUNTER|divclk'
Slack : 0.512
TNS   : 0.000

Type  : Slow 1100mV 0C Model Removal 'CLOCK_50'
Slack : 0.666
TNS   : 0.000

Type  : Slow 1100mV 0C Model Removal 'altera_reserved_tck'
Slack : 0.858
TNS   : 0.000

Type  : Slow 1100mV 0C Model Removal 'U0|pll|altera_pll_i|general[2].gpll~PLL_OUTPUT_COUNTER|divclk'
Slack : 0.900
TNS   : 0.000

Type  : Slow 1100mV 0C Model Minimum Pulse Width 'U0|pll|altera_pll_i|general[0].gpll~FRACTIONAL_PLL|vcoph[0]'
Slack : 0.500
TNS   : 0.000

Type  : Slow 1100mV 0C Model Minimum Pulse Width 'U0|vga|vga_clk|altera_pll_i|general[0].gpll~FRACTIONAL_PLL|vcoph[0]'
Slack : 1.562
TNS   : 0.000

Type  : Slow 1100mV 0C Model Minimum Pulse Width 'U0|pll|altera_pll_i|general[0].gpll~PLL_OUTPUT_COUNTER|divclk'
Slack : 2.258
TNS   : 0.000

Type  : Slow 1100mV 0C Model Minimum Pulse Width 'CLOCK_50'
Slack : 8.915
TNS   : 0.000

Type  : Slow 1100mV 0C Model Minimum Pulse Width 'U0|vga|vga_clk|altera_pll_i|general[0].gpll~PLL_OUTPUT_COUNTER|divclk'
Slack : 11.258
TNS   : 0.000

Type  : Slow 1100mV 0C Model Minimum Pulse Width 'Generate_Arbitrary_Divided_Clk32:Generate_LCD_scope_Clk|var_clk_div32:Div_Clk|tc_reg'
Slack : 18.282
TNS   : 0.000

Type  : Slow 1100mV 0C Model Minimum Pulse Width 'hack_ltm_sincronization:hack_ltm_sincronization_inst|line_rdy'
Slack : 18.778
TNS   : 0.000

Type  : Slow 1100mV 0C Model Minimum Pulse Width 'altera_reserved_tck'
Slack : 18.855
TNS   : 0.000

Type  : Slow 1100mV 0C Model Minimum Pulse Width 'Clock_Divider:get1Hz|clock_out'
Slack : 18.898
TNS   : 0.000

Type  : Slow 1100mV 0C Model Minimum Pulse Width 'U0|pll|altera_pll_i|general[2].gpll~PLL_OUTPUT_COUNTER|divclk'
Slack : 19.159
TNS   : 0.000

Type  : Fast 1100mV 85C Model Setup 'U0|vga|vga_clk|altera_pll_i|general[0].gpll~PLL_OUTPUT_COUNTER|divclk'
Slack : -5.643
TNS   : -277.805

Type  : Fast 1100mV 85C Model Setup 'Generate_Arbitrary_Divided_Clk32:Generate_LCD_scope_Clk|var_clk_div32:Div_Clk|tc_reg'
Slack : -3.387
TNS   : -105.427

Type  : Fast 1100mV 85C Model Setup 'CLOCK_50'
Slack : -2.718
TNS   : -25.972

Type  : Fast 1100mV 85C Model Setup 'U0|pll|altera_pll_i|general[0].gpll~PLL_OUTPUT_COUNTER|divclk'
Slack : 2.817
TNS   : 0.000

Type  : Fast 1100mV 85C Model Setup 'altera_reserved_tck'
Slack : 12.357
TNS   : 0.000

Type  : Fast 1100mV 85C Model Setup 'U0|pll|altera_pll_i|general[2].gpll~PLL_OUTPUT_COUNTER|divclk'
Slack : 19.427
TNS   : 0.000

Type  : Fast 1100mV 85C Model Setup 'hack_ltm_sincronization:hack_ltm_sincronization_inst|line_rdy'
Slack : 34.658
TNS   : 0.000

Type  : Fast 1100mV 85C Model Setup 'Clock_Divider:get1Hz|clock_out'
Slack : 37.226
TNS   : 0.000

Type  : Fast 1100mV 85C Model Hold 'altera_reserved_tck'
Slack : 0.027
TNS   : 0.000

Type  : Fast 1100mV 85C Model Hold 'U0|pll|altera_pll_i|general[0].gpll~PLL_OUTPUT_COUNTER|divclk'
Slack : 0.109
TNS   : 0.000

Type  : Fast 1100mV 85C Model Hold 'hack_ltm_sincronization:hack_ltm_sincronization_inst|line_rdy'
Slack : 0.126
TNS   : 0.000

Type  : Fast 1100mV 85C Model Hold 'U0|vga|vga_clk|altera_pll_i|general[0].gpll~PLL_OUTPUT_COUNTER|divclk'
Slack : 0.128
TNS   : 0.000

Type  : Fast 1100mV 85C Model Hold 'CLOCK_50'
Slack : 0.133
TNS   : 0.000

Type  : Fast 1100mV 85C Model Hold 'U0|pll|altera_pll_i|general[2].gpll~PLL_OUTPUT_COUNTER|divclk'
Slack : 0.181
TNS   : 0.000

Type  : Fast 1100mV 85C Model Hold 'Clock_Divider:get1Hz|clock_out'
Slack : 0.388
TNS   : 0.000

Type  : Fast 1100mV 85C Model Hold 'Generate_Arbitrary_Divided_Clk32:Generate_LCD_scope_Clk|var_clk_div32:Div_Clk|tc_reg'
Slack : 0.412
TNS   : 0.000

Type  : Fast 1100mV 85C Model Recovery 'U0|vga|vga_clk|altera_pll_i|general[0].gpll~PLL_OUTPUT_COUNTER|divclk'
Slack : -5.004
TNS   : -14.850

Type  : Fast 1100mV 85C Model Recovery 'U0|pll|altera_pll_i|general[0].gpll~PLL_OUTPUT_COUNTER|divclk'
Slack : -0.782
TNS   : -10.683

Type  : Fast 1100mV 85C Model Recovery 'CLOCK_50'
Slack : 15.055
TNS   : 0.000

Type  : Fast 1100mV 85C Model Recovery 'U0|pll|altera_pll_i|general[2].gpll~PLL_OUTPUT_COUNTER|divclk'
Slack : 18.840
TNS   : 0.000

Type  : Fast 1100mV 85C Model Recovery 'altera_reserved_tck'
Slack : 19.445
TNS   : 0.000

Type  : Fast 1100mV 85C Model Removal 'U0|pll|altera_pll_i|general[0].gpll~PLL_OUTPUT_COUNTER|divclk'
Slack : 0.299
TNS   : 0.000

Type  : Fast 1100mV 85C Model Removal 'U0|vga|vga_clk|altera_pll_i|general[0].gpll~PLL_OUTPUT_COUNTER|divclk'
Slack : 0.299
TNS   : 0.000

Type  : Fast 1100mV 85C Model Removal 'CLOCK_50'
Slack : 0.391
TNS   : 0.000

Type  : Fast 1100mV 85C Model Removal 'altera_reserved_tck'
Slack : 0.474
TNS   : 0.000

Type  : Fast 1100mV 85C Model Removal 'U0|pll|altera_pll_i|general[2].gpll~PLL_OUTPUT_COUNTER|divclk'
Slack : 0.536
TNS   : 0.000

Type  : Fast 1100mV 85C Model Minimum Pulse Width 'U0|pll|altera_pll_i|general[0].gpll~FRACTIONAL_PLL|vcoph[0]'
Slack : 0.500
TNS   : 0.000

Type  : Fast 1100mV 85C Model Minimum Pulse Width 'U0|vga|vga_clk|altera_pll_i|general[0].gpll~FRACTIONAL_PLL|vcoph[0]'
Slack : 1.562
TNS   : 0.000

Type  : Fast 1100mV 85C Model Minimum Pulse Width 'U0|pll|altera_pll_i|general[0].gpll~PLL_OUTPUT_COUNTER|divclk'
Slack : 2.389
TNS   : 0.000

Type  : Fast 1100mV 85C Model Minimum Pulse Width 'CLOCK_50'
Slack : 8.481
TNS   : 0.000

Type  : Fast 1100mV 85C Model Minimum Pulse Width 'U0|vga|vga_clk|altera_pll_i|general[0].gpll~PLL_OUTPUT_COUNTER|divclk'
Slack : 11.387
TNS   : 0.000

Type  : Fast 1100mV 85C Model Minimum Pulse Width 'Generate_Arbitrary_Divided_Clk32:Generate_LCD_scope_Clk|var_clk_div32:Div_Clk|tc_reg'
Slack : 18.261
TNS   : 0.000

Type  : Fast 1100mV 85C Model Minimum Pulse Width 'altera_reserved_tck'
Slack : 18.776
TNS   : 0.000

Type  : Fast 1100mV 85C Model Minimum Pulse Width 'hack_ltm_sincronization:hack_ltm_sincronization_inst|line_rdy'
Slack : 19.093
TNS   : 0.000

Type  : Fast 1100mV 85C Model Minimum Pulse Width 'Clock_Divider:get1Hz|clock_out'
Slack : 19.150
TNS   : 0.000

Type  : Fast 1100mV 85C Model Minimum Pulse Width 'U0|pll|altera_pll_i|general[2].gpll~PLL_OUTPUT_COUNTER|divclk'
Slack : 19.525
TNS   : 0.000

Type  : Fast 1100mV 0C Model Setup 'U0|vga|vga_clk|altera_pll_i|general[0].gpll~PLL_OUTPUT_COUNTER|divclk'
Slack : -4.563
TNS   : -221.795

Type  : Fast 1100mV 0C Model Setup 'Generate_Arbitrary_Divided_Clk32:Generate_LCD_scope_Clk|var_clk_div32:Div_Clk|tc_reg'
Slack : -3.282
TNS   : -102.766

Type  : Fast 1100mV 0C Model Setup 'CLOCK_50'
Slack : -2.196
TNS   : -19.895

Type  : Fast 1100mV 0C Model Setup 'U0|pll|altera_pll_i|general[0].gpll~PLL_OUTPUT_COUNTER|divclk'
Slack : 3.197
TNS   : 0.000

Type  : Fast 1100mV 0C Model Setup 'altera_reserved_tck'
Slack : 12.535
TNS   : 0.000

Type  : Fast 1100mV 0C Model Setup 'U0|pll|altera_pll_i|general[2].gpll~PLL_OUTPUT_COUNTER|divclk'
Slack : 19.461
TNS   : 0.000

Type  : Fast 1100mV 0C Model Setup 'hack_ltm_sincronization:hack_ltm_sincronization_inst|line_rdy'
Slack : 35.127
TNS   : 0.000

Type  : Fast 1100mV 0C Model Setup 'Clock_Divider:get1Hz|clock_out'
Slack : 37.379
TNS   : 0.000

Type  : Fast 1100mV 0C Model Hold 'altera_reserved_tck'
Slack : 0.013
TNS   : 0.000

Type  : Fast 1100mV 0C Model Hold 'U0|pll|altera_pll_i|general[0].gpll~PLL_OUTPUT_COUNTER|divclk'
Slack : 0.049
TNS   : 0.000

Type  : Fast 1100mV 0C Model Hold 'U0|vga|vga_clk|altera_pll_i|general[0].gpll~PLL_OUTPUT_COUNTER|divclk'
Slack : 0.117
TNS   : 0.000

Type  : Fast 1100mV 0C Model Hold 'CLOCK_50'
Slack : 0.121
TNS   : 0.000

Type  : Fast 1100mV 0C Model Hold 'hack_ltm_sincronization:hack_ltm_sincronization_inst|line_rdy'
Slack : 0.128
TNS   : 0.000

Type  : Fast 1100mV 0C Model Hold 'U0|pll|altera_pll_i|general[2].gpll~PLL_OUTPUT_COUNTER|divclk'
Slack : 0.164
TNS   : 0.000

Type  : Fast 1100mV 0C Model Hold 'Clock_Divider:get1Hz|clock_out'
Slack : 0.353
TNS   : 0.000

Type  : Fast 1100mV 0C Model Hold 'Generate_Arbitrary_Divided_Clk32:Generate_LCD_scope_Clk|var_clk_div32:Div_Clk|tc_reg'
Slack : 0.353
TNS   : 0.000

Type  : Fast 1100mV 0C Model Recovery 'U0|vga|vga_clk|altera_pll_i|general[0].gpll~PLL_OUTPUT_COUNTER|divclk'
Slack : -3.982
TNS   : -11.796

Type  : Fast 1100mV 0C Model Recovery 'U0|pll|altera_pll_i|general[0].gpll~PLL_OUTPUT_COUNTER|divclk'
Slack : 0.262
TNS   : 0.000

Type  : Fast 1100mV 0C Model Recovery 'CLOCK_50'
Slack : 15.642
TNS   : 0.000

Type  : Fast 1100mV 0C Model Recovery 'U0|pll|altera_pll_i|general[2].gpll~PLL_OUTPUT_COUNTER|divclk'
Slack : 18.990
TNS   : 0.000

Type  : Fast 1100mV 0C Model Recovery 'altera_reserved_tck'
Slack : 19.601
TNS   : 0.000

Type  : Fast 1100mV 0C Model Removal 'U0|pll|altera_pll_i|general[0].gpll~PLL_OUTPUT_COUNTER|divclk'
Slack : 0.270
TNS   : 0.000

Type  : Fast 1100mV 0C Model Removal 'U0|vga|vga_clk|altera_pll_i|general[0].gpll~PLL_OUTPUT_COUNTER|divclk'
Slack : 0.270
TNS   : 0.000

Type  : Fast 1100mV 0C Model Removal 'CLOCK_50'
Slack : 0.358
TNS   : 0.000

Type  : Fast 1100mV 0C Model Removal 'altera_reserved_tck'
Slack : 0.419
TNS   : 0.000

Type  : Fast 1100mV 0C Model Removal 'U0|pll|altera_pll_i|general[2].gpll~PLL_OUTPUT_COUNTER|divclk'
Slack : 0.489
TNS   : 0.000

Type  : Fast 1100mV 0C Model Minimum Pulse Width 'U0|pll|altera_pll_i|general[0].gpll~FRACTIONAL_PLL|vcoph[0]'
Slack : 0.500
TNS   : 0.000

Type  : Fast 1100mV 0C Model Minimum Pulse Width 'U0|vga|vga_clk|altera_pll_i|general[0].gpll~FRACTIONAL_PLL|vcoph[0]'
Slack : 1.562
TNS   : 0.000

Type  : Fast 1100mV 0C Model Minimum Pulse Width 'U0|pll|altera_pll_i|general[0].gpll~PLL_OUTPUT_COUNTER|divclk'
Slack : 2.387
TNS   : 0.000

Type  : Fast 1100mV 0C Model Minimum Pulse Width 'CLOCK_50'
Slack : 8.435
TNS   : 0.000

Type  : Fast 1100mV 0C Model Minimum Pulse Width 'U0|vga|vga_clk|altera_pll_i|general[0].gpll~PLL_OUTPUT_COUNTER|divclk'
Slack : 11.389
TNS   : 0.000

Type  : Fast 1100mV 0C Model Minimum Pulse Width 'Generate_Arbitrary_Divided_Clk32:Generate_LCD_scope_Clk|var_clk_div32:Div_Clk|tc_reg'
Slack : 18.309
TNS   : 0.000

Type  : Fast 1100mV 0C Model Minimum Pulse Width 'altera_reserved_tck'
Slack : 18.763
TNS   : 0.000

Type  : Fast 1100mV 0C Model Minimum Pulse Width 'hack_ltm_sincronization:hack_ltm_sincronization_inst|line_rdy'
Slack : 19.112
TNS   : 0.000

Type  : Fast 1100mV 0C Model Minimum Pulse Width 'Clock_Divider:get1Hz|clock_out'
Slack : 19.148
TNS   : 0.000

Type  : Fast 1100mV 0C Model Minimum Pulse Width 'U0|pll|altera_pll_i|general[2].gpll~PLL_OUTPUT_COUNTER|divclk'
Slack : 19.531
TNS   : 0.000

------------------------------------------------------------
